14-Feb-2026 21:36:04.256 INFO [main] org.apache.catalina.startup.VersionLoggerListener.log Server version name:   Apache Tomcat/10.1.52
14-Feb-2026 21:36:04.260 INFO [main] org.apache.catalina.startup.VersionLoggerListener.log Server built:          Jan 23 2026 19:29:07 UTC
14-Feb-2026 21:36:04.260 INFO [main] org.apache.catalina.startup.VersionLoggerListener.log Server version number: 10.1.52.0
14-Feb-2026 21:36:04.261 INFO [main] org.apache.catalina.startup.VersionLoggerListener.log OS Name:               Mac OS X
14-Feb-2026 21:36:04.261 INFO [main] org.apache.catalina.startup.VersionLoggerListener.log OS Version:            26.3
14-Feb-2026 21:36:04.261 INFO [main] org.apache.catalina.startup.VersionLoggerListener.log Architecture:          aarch64
14-Feb-2026 21:36:04.261 INFO [main] org.apache.catalina.startup.VersionLoggerListener.log Java Home:             /opt/homebrew/Cellar/openjdk/25.0.1/libexec/openjdk.jdk/Contents/Home
14-Feb-2026 21:36:04.261 INFO [main] org.apache.catalina.startup.VersionLoggerListener.log JVM Version:           25.0.1
14-Feb-2026 21:36:04.261 INFO [main] org.apache.catalina.startup.VersionLoggerListener.log JVM Vendor:            Homebrew
14-Feb-2026 21:36:04.262 INFO [main] org.apache.catalina.startup.VersionLoggerListener.log CATALINA_BASE:         /Users/adityadaharwal/Developer/TEST_PROJECT/src/week6/day2/Session/src/main/static
14-Feb-2026 21:36:04.262 INFO [main] org.apache.catalina.startup.VersionLoggerListener.log CATALINA_HOME:         /Users/adityadaharwal/Developer/TEST_PROJECT/src/week6/apache-tomcat-10.1.52
14-Feb-2026 21:36:04.276 INFO [main] org.apache.catalina.startup.VersionLoggerListener.log Command line argument: --add-opens=java.base/java.lang=ALL-UNNAMED
14-Feb-2026 21:36:04.276 INFO [main] org.apache.catalina.startup.VersionLoggerListener.log Command line argument: --add-opens=java.base/java.io=ALL-UNNAMED
14-Feb-2026 21:36:04.276 INFO [main] org.apache.catalina.startup.VersionLoggerListener.log Command line argument: --add-opens=java.base/java.util=ALL-UNNAMED
14-Feb-2026 21:36:04.276 INFO [main] org.apache.catalina.startup.VersionLoggerListener.log Command line argument: --add-opens=java.base/java.util.concurrent=ALL-UNNAMED
14-Feb-2026 21:36:04.276 INFO [main] org.apache.catalina.startup.VersionLoggerListener.log Command line argument: --add-opens=java.rmi/sun.rmi.transport=ALL-UNNAMED
14-Feb-2026 21:36:04.276 INFO [main] org.apache.catalina.startup.VersionLoggerListener.log Command line argument: -Dcatalina.home=/Users/adityadaharwal/Developer/TEST_PROJECT/src/week6/apache-tomcat-10.1.52
14-Feb-2026 21:36:04.276 INFO [main] org.apache.catalina.startup.VersionLoggerListener.log Command line argument: -Dcatalina.base=/Users/adityadaharwal/Developer/TEST_PROJECT/src/week6/day2/Session/src/main/static
14-Feb-2026 21:36:04.277 INFO [main] org.apache.catalina.startup.VersionLoggerListener.log Command line argument: -Djava.io.tmpdir=/Users/adityadaharwal/Developer/TEST_PROJECT/src/week6/day2/Session/src/main/static/temp
14-Feb-2026 21:36:04.277 INFO [main] org.apache.catalina.startup.VersionLoggerListener.log Command line argument: -Djava.util.logging.config.file=/Users/adityadaharwal/Developer/TEST_PROJECT/src/week6/day2/Session/src/main/static/conf/logging.properties
14-Feb-2026 21:36:04.277 INFO [main] org.apache.catalina.startup.VersionLoggerListener.log Command line argument: -Djava.util.logging.manager=org.apache.juli.ClassLoaderLogManager
14-Feb-2026 21:36:04.277 INFO [main] org.apache.catalina.startup.VersionLoggerListener.log Command line argument: -javaagent:/Applications/IntelliJ IDEA.app/Contents/lib/idea_rt.jar=49493
14-Feb-2026 21:36:04.277 INFO [main] org.apache.catalina.startup.VersionLoggerListener.log Command line argument: -Dfile.encoding=UTF-8
14-Feb-2026 21:36:04.277 INFO [main] org.apache.catalina.startup.VersionLoggerListener.log Command line argument: -Dsun.stdout.encoding=UTF-8
14-Feb-2026 21:36:04.277 INFO [main] org.apache.catalina.startup.VersionLoggerListener.log Command line argument: -Dsun.stderr.encoding=UTF-8
14-Feb-2026 21:36:04.296 INFO [main] org.apache.catalina.core.AprLifecycleListener.lifecycleEvent The Apache Tomcat Native library which allows using OpenSSL was not found on the java.library.path: [/Users/adityadaharwal/Library/Java/Extensions:/Library/Java/Extensions:/Network/Library/Java/Extensions:/System/Library/Java/Extensions:/usr/lib/java:.]
14-Feb-2026 21:36:04.656 INFO [main] org.apache.coyote.AbstractProtocol.init Initializing ProtocolHandler ["http-nio-8080"]
14-Feb-2026 21:36:04.672 INFO [main] org.apache.catalina.startup.Catalina.load Server initialization in [706] milliseconds
14-Feb-2026 21:36:04.701 INFO [main] org.apache.catalina.core.StandardService.startInternal Starting service [Catalina]
14-Feb-2026 21:36:04.701 INFO [main] org.apache.catalina.core.StandardEngine.startInternal Starting Servlet engine: [Apache Tomcat/10.1.52]
14-Feb-2026 21:36:04.708 INFO [main] org.apache.catalina.startup.HostConfig.deployDescriptor Deploying deployment descriptor [/Users/adityadaharwal/Developer/TEST_PROJECT/src/week6/day2/Session/src/main/static/conf/Catalina/localhost/ROOT.xml]
14-Feb-2026 21:36:05.029 INFO [main] org.apache.catalina.startup.HostConfig.deployDescriptor Deployment of deployment descriptor [/Users/adityadaharwal/Developer/TEST_PROJECT/src/week6/day2/Session/src/main/static/conf/Catalina/localhost/ROOT.xml] has finished in [318] ms
14-Feb-2026 21:36:05.032 INFO [main] org.apache.coyote.AbstractProtocol.start Starting ProtocolHandler ["http-nio-8080"]
14-Feb-2026 21:36:05.053 INFO [main] org.apache.catalina.startup.Catalina.start Server startup in [379] milliseconds
14-Feb-2026 21:38:17.535 INFO [Thread-1] org.apache.coyote.AbstractProtocol.pause Pausing ProtocolHandler ["http-nio-8080"]
14-Feb-2026 21:38:18.540 INFO [Thread-1] org.apache.catalina.core.StandardService.stopInternal Stopping service [Catalina]
14-Feb-2026 21:38:18.563 INFO [Thread-1] org.apache.coyote.AbstractProtocol.stop Stopping ProtocolHandler ["http-nio-8080"]
14-Feb-2026 21:38:19.168 WARNING [Thread-1] org.apache.tomcat.util.net.Acceptor.stopMillis The acceptor thread [http-nio-8080-Acceptor] did not stop cleanly
14-Feb-2026 21:38:19.174 INFO [Thread-1] org.apache.coyote.AbstractProtocol.destroy Destroying ProtocolHandler ["http-nio-8080"]
